Archive member included because of file (symbol)

c:/wsn/wsn_eclipse/toolchains/arm_none_eabi/4_6_1/bin/../lib/gcc/arm-none-eabi/4.6.1/../../../../arm-none-eabi/lib/thumb2\libc.a(lib_a-memcpy.o)
                              obj/hal.o (memcpy)
c:/wsn/wsn_eclipse/toolchains/arm_none_eabi/4_6_1/bin/../lib/gcc/arm-none-eabi/4.6.1/../../../../arm-none-eabi/lib/thumb2\libc.a(lib_a-memset.o)
                              obj/hal.o (memset)
c:/wsn/wsn_eclipse/toolchains/arm_none_eabi/4_6_1/bin/../lib/gcc/arm-none-eabi/4.6.1/../../../../arm-none-eabi/lib/thumb2\libc.a(lib_a-strlen.o)
                              obj/hal.o (strlen)
c:/wsn/wsn_eclipse/toolchains/arm_none_eabi/4_6_1/bin/../lib/gcc/arm-none-eabi/4.6.1/../../../../arm-none-eabi/lib/thumb2\libc.a(lib_a-strncpy.o)
                              obj/tasks.o (strncpy)
c:/wsn/wsn_eclipse/toolchains/arm_none_eabi/4_6_1/bin/../lib/gcc/arm-none-eabi/4.6.1/thumb2\libgcc.a(_arm_addsubsf3.o)
                              obj/hal.o (__aeabi_fsub)
c:/wsn/wsn_eclipse/toolchains/arm_none_eabi/4_6_1/bin/../lib/gcc/arm-none-eabi/4.6.1/thumb2\libgcc.a(_arm_muldivsf3.o)
                              obj/hal.o (__aeabi_fmul)
c:/wsn/wsn_eclipse/toolchains/arm_none_eabi/4_6_1/bin/../lib/gcc/arm-none-eabi/4.6.1/thumb2\libgcc.a(_arm_fixsfsi.o)
                              obj/hal.o (__aeabi_f2iz)

Allocating common symbols
Common symbol       size              file

mutex               0x4               obj/main.o
binary_sem          0x4               obj/main.o
HAL_PORT_InterruptState
                    0x4               obj/hal_port.o
counting_sem        0x4               obj/main.o

Discarded input sections

 .data          0x00000000        0x0 obj/startup.o
 .text          0x00000000        0x0 obj/main.o
 .data          0x00000000        0x0 obj/main.o
 .bss           0x00000000        0x0 obj/main.o
 .text          0x00000000        0x0 obj/hal.o
 .data          0x00000000        0x0 obj/hal.o
 .bss           0x00000000        0x0 obj/hal.o
 .text.HEAP_GetSpaceUsed
                0x00000000        0xc obj/hal.o
 .text.HEAP_GetSpaceLeft
                0x00000000       0x10 obj/hal.o
 .text.IODEV_Deinit
                0x00000000       0x14 obj/hal.o
 .text.IODEV_Lock
                0x00000000        0x4 obj/hal.o
 .text.IODEV_Unlock
                0x00000000        0x2 obj/hal.o
 .text.IODEV_WaitForData
                0x00000000        0x8 obj/hal.o
 .text.TXTDEV_WriteString
                0x00000000       0x1a obj/hal.o
 .text.TXTDEV_WriteINT
                0x00000000       0x6e obj/hal.o
 .text.TXTDEV_WriteUINT
                0x00000000       0x5c obj/hal.o
 .text.TXTDEV_WriteFLOAT
                0x00000000       0x6c obj/hal.o
 .text.TXTDEV_WriteNL
                0x00000000       0x14 obj/hal.o
 .text.TXTDEV_ReadString
                0x00000000       0x60 obj/hal.o
 .text.IOBUF_Create
                0x00000000       0x38 obj/hal.o
 .text.IOBUF_Destroy
                0x00000000       0x10 obj/hal.o
 .text.IOBUF_GetCount
                0x00000000        0x6 obj/hal.o
 .text.IOBUF_GetSpace
                0x00000000        0xa obj/hal.o
 .text.IOBUF_GetSize
                0x00000000        0x6 obj/hal.o
 .text.IOBUF_Init
                0x00000000       0x2e obj/hal.o
 .text.IOBUF_ReadNextFragment
                0x00000000       0x78 obj/hal.o
 .text.IOBUF_WriteNextFragment
                0x00000000       0x78 obj/hal.o
 .text.IOBUF_Read
                0x00000000       0xcc obj/hal.o
 .text.IOBUF_Write
                0x00000000       0xd4 obj/hal.o
 .text.IOBUF_ReadFast
                0x00000000       0x36 obj/hal.o
 .text.IOBUF_WriteFast
                0x00000000       0x38 obj/hal.o
 .text.IOBUF_Clear
                0x00000000       0x2c obj/hal.o
 .text.IOBUF_Peek
                0x00000000       0x94 obj/hal.o
 .text.IOBUF_Move
                0x00000000       0xbc obj/hal.o
 .text.IOBUF_Remove
                0x00000000       0x8c obj/hal.o
 .text.DIAG_Deinit
                0x00000000        0x4 obj/hal.o
 .text.DIAG_GetOutputDevice
                0x00000000       0x18 obj/hal.o
 .text.DIAG_DeactivateChannel
                0x00000000       0x18 obj/hal.o
 .text.DIAG_SetClockSource
                0x00000000       0x18 obj/hal.o
 .text.DIAG_LogChar
                0x00000000       0x2c obj/hal.o
 .text.DIAG_LogUINT
                0x00000000       0x78 obj/hal.o
 .text.DIAG_Log
                0x00000000       0xf0 obj/hal.o
 .text.DIAG_LogHeader
                0x00000000       0x70 obj/hal.o
 .text.DIAG_LogFLOAT
                0x00000000       0x78 obj/hal.o
 .text.DIAG_LogData
                0x00000000       0x94 obj/hal.o
 .text.DIAG_LogIOBuf
                0x00000000       0xbc obj/hal.o
 .text.DIAG_ReportError
                0x00000000       0xac obj/hal.o
 .text.DIAG_ProcessErrors
                0x00000000        0x4 obj/hal.o
 .text.DIAG_SetErrorHandler
                0x00000000        0xc obj/hal.o
 .text          0x00000000        0x0 obj/hal_port.o
 .data          0x00000000        0x0 obj/hal_port.o
 .bss           0x00000000        0x0 obj/hal_port.o
 .text.HAL_PORT_NVIC_IRQInit
                0x00000000       0x64 obj/hal_port.o
 .text.HAL_PORT_NVIC_IRQDeinit
                0x00000000       0x18 obj/hal_port.o
 .text.HAL_PORT_NVIC_PriorityGroupConfig
                0x00000000       0x14 obj/hal_port.o
 .text.HAL_GPIO_PORT_Init
                0x00000000       0x28 obj/hal_port.o
 .text.HAL_GPIO_PORT_Deinit
                0x00000000       0x6c obj/hal_port.o
 .text.HAL_GPIO_PORT_ConfigurePort
                0x00000000       0xbc obj/hal_port.o
 .text.HAL_GPIO_PORT_EnableEvent
                0x00000000       0x78 obj/hal_port.o
 .text.HAL_GPIO_PORT_SetEventHandler
                0x00000000       0x6c obj/hal_port.o
 .text.HAL_GPIO_PORT_IsEventEnabled
                0x00000000       0x12 obj/hal_port.o
 .text.HAL_PORT_UART_POLL_Init
                0x00000000        0x4 obj/hal_port.o
 .text.HAL_PORT_UART_POLL_Deinit
                0x00000000        0x4 obj/hal_port.o
 .text.HAL_PORT_UART_POLL_EnableWrite
                0x00000000        0x4 obj/hal_port.o
 .text.HAL_PORT_UART_POLL_DisableWrite
                0x00000000        0x4 obj/hal_port.o
 .text.HAL_PORT_UART_POLL_EnableRead
                0x00000000        0x4 obj/hal_port.o
 .text.HAL_PORT_UART_POLL_DisableRead
                0x00000000        0x4 obj/hal_port.o
 .text.HAL_PORT_UART_POLL_GetReadCount
                0x00000000        0x4 obj/hal_port.o
 .text.HAL_PORT_UART_POLL_GetWriteSpace
                0x00000000        0x4 obj/hal_port.o
 .text.HAL_PORT_UART_POLL_Read
                0x00000000        0x4 obj/hal_port.o
 .text.HAL_PORT_UART_POLL_Write
                0x00000000        0x4 obj/hal_port.o
 .text.HAL_PORT_SPI_POLL_Init
                0x00000000        0x4 obj/hal_port.o
 .text.HAL_PORT_SPI_POLL_Deinit
                0x00000000        0x4 obj/hal_port.o
 .text.HAL_PORT_SPI_POLL_EnableWrite
                0x00000000        0x4 obj/hal_port.o
 .text.HAL_PORT_SPI_POLL_DisableWrite
                0x00000000        0x4 obj/hal_port.o
 .text.HAL_PORT_SPI_POLL_EnableRead
                0x00000000        0x4 obj/hal_port.o
 .text.HAL_PORT_SPI_POLL_DisableRead
                0x00000000        0x4 obj/hal_port.o
 .text.HAL_PORT_SPI_POLL_GetReadCount
                0x00000000        0x4 obj/hal_port.o
 .text.HAL_PORT_SPI_POLL_GetWriteSpace
                0x00000000        0x4 obj/hal_port.o
 .text.HAL_PORT_SPI_POLL_Read
                0x00000000        0x4 obj/hal_port.o
 .text.HAL_PORT_SPI_POLL_Write
                0x00000000        0x4 obj/hal_port.o
 .bss.gs_ul_nb_sources
                0x00000000        0x4 obj/hal_port.o
 .text          0x00000000        0x0 obj/hal_port_os.o
 .data          0x00000000        0x0 obj/hal_port_os.o
 .bss           0x00000000        0x0 obj/hal_port_os.o
 .text.OS_PORT_SleepUntil
                0x00000000       0x18 obj/hal_port_os.o
 .text          0x00000000        0x0 obj/croutine.o
 .data          0x00000000        0x0 obj/croutine.o
 .bss           0x00000000        0x0 obj/croutine.o
 .text.xCoRoutineCreate
                0x00000000       0xc8 obj/croutine.o
 .text.vCoRoutineAddToDelayedList
                0x00000000       0x4c obj/croutine.o
 .text.vCoRoutineSchedule
                0x00000000      0x13c obj/croutine.o
 .text.xCoRoutineRemoveFromEventList
                0x00000000       0x34 obj/croutine.o
 .bss.xDelayedCoRoutineList1
                0x00000000       0x14 obj/croutine.o
 .bss.xPassedTicks
                0x00000000        0x4 obj/croutine.o
 .bss.xPendingReadyCoRoutineList
                0x00000000       0x14 obj/croutine.o
 .bss.pxCurrentCoRoutine
                0x00000000        0x4 obj/croutine.o
 .bss.xDelayedCoRoutineList2
                0x00000000       0x14 obj/croutine.o
 .bss.xCoRoutineTickCount
                0x00000000        0x4 obj/croutine.o
 .bss.xLastTickCount
                0x00000000        0x4 obj/croutine.o
 .bss.pxDelayedCoRoutineList
                0x00000000        0x4 obj/croutine.o
 .bss.pxReadyCoRoutineLists
                0x00000000       0x28 obj/croutine.o
 .bss.uxTopCoRoutineReadyPriority
                0x00000000        0x4 obj/croutine.o
 .bss.pxOverflowDelayedCoRoutineList
                0x00000000        0x4 obj/croutine.o
 .debug_info    0x00000000      0x525 obj/croutine.o
 .debug_abbrev  0x00000000      0x1eb obj/croutine.o
 .debug_loc     0x00000000      0x1ef obj/croutine.o
 .debug_aranges
                0x00000000       0x38 obj/croutine.o
 .debug_ranges  0x00000000       0x58 obj/croutine.o
 .debug_line    0x00000000      0x1cc obj/croutine.o
 .debug_str     0x00000000      0x401 obj/croutine.o
 .comment       0x00000000       0x31 obj/croutine.o
 .ARM.attributes
                0x00000000       0x33 obj/croutine.o
 .debug_frame   0x00000000       0xb0 obj/croutine.o
 .text          0x00000000        0x0 obj/list.o
 .data          0x00000000        0x0 obj/list.o
 .bss           0x00000000        0x0 obj/list.o
 .text          0x00000000        0x0 obj/queue.o
 .data          0x00000000        0x0 obj/queue.o
 .bss           0x00000000        0x0 obj/queue.o
 .text.xQueueGenericSendFromISR
                0x00000000       0x5a obj/queue.o
 .text.xQueueReceiveFromISR
                0x00000000       0x54 obj/queue.o
 .text.uxQueueMessagesWaiting
                0x00000000       0x12 obj/queue.o
 .text.uxQueueMessagesWaitingFromISR
                0x00000000        0x4 obj/queue.o
 .text.vQueueDelete
                0x00000000       0x14 obj/queue.o
 .text.xQueueIsQueueEmptyFromISR
                0x00000000        0xc obj/queue.o
 .text.xQueueIsQueueFullFromISR
                0x00000000        0xe obj/queue.o
 .text          0x00000000        0x0 obj/tasks.o
 .data          0x00000000        0x0 obj/tasks.o
 .bss           0x00000000        0x0 obj/tasks.o
 .text.xTaskIsTaskSuspended
                0x00000000       0x2c obj/tasks.o
 .text.vTaskResume
                0x00000000       0x64 obj/tasks.o
 .text.xTaskGetTickCount
                0x00000000       0x18 obj/tasks.o
 .text.xTaskGetTickCountFromISR
                0x00000000       0x18 obj/tasks.o
 .text.uxTaskGetNumberOfTasks
                0x00000000        0xc obj/tasks.o
 .text.vTaskDelayUntil
                0x00000000       0x60 obj/tasks.o
 .text.vTaskSuspend
                0x00000000       0x78 obj/tasks.o
 .text          0x00000000        0x0 obj/timers.o
 .data          0x00000000        0x0 obj/timers.o
 .bss           0x00000000        0x0 obj/timers.o
 .debug_info    0x00000000       0x68 obj/timers.o
 .debug_abbrev  0x00000000       0x28 obj/timers.o
 .debug_line    0x00000000       0x1d obj/timers.o
 .debug_str     0x00000000       0xc1 obj/timers.o
 .comment       0x00000000       0x31 obj/timers.o
 .ARM.attributes
                0x00000000       0x33 obj/timers.o
 .text          0x00000000        0x0 obj/port.o
 .data          0x00000000        0x0 obj/port.o
 .bss           0x00000000        0x0 obj/port.o
 .rodata.ulKernelPriority
                0x00000000        0x4 obj/port.o
 .data          0x00000000        0x0 c:/wsn/wsn_eclipse/toolchains/arm_none_eabi/4_6_1/bin/../lib/gcc/arm-none-eabi/4.6.1/../../../../arm-none-eabi/lib/thumb2\libc.a(lib_a-memcpy.o)
 .bss           0x00000000        0x0 c:/wsn/wsn_eclipse/toolchains/arm_none_eabi/4_6_1/bin/../lib/gcc/arm-none-eabi/4.6.1/../../../../arm-none-eabi/lib/thumb2\libc.a(lib_a-memcpy.o)
 .data          0x00000000        0x0 c:/wsn/wsn_eclipse/toolchains/arm_none_eabi/4_6_1/bin/../lib/gcc/arm-none-eabi/4.6.1/../../../../arm-none-eabi/lib/thumb2\libc.a(lib_a-memset.o)
 .bss           0x00000000        0x0 c:/wsn/wsn_eclipse/toolchains/arm_none_eabi/4_6_1/bin/../lib/gcc/arm-none-eabi/4.6.1/../../../../arm-none-eabi/lib/thumb2\libc.a(lib_a-memset.o)
 .data          0x00000000        0x0 c:/wsn/wsn_eclipse/toolchains/arm_none_eabi/4_6_1/bin/../lib/gcc/arm-none-eabi/4.6.1/../../../../arm-none-eabi/lib/thumb2\libc.a(lib_a-strlen.o)
 .bss           0x00000000        0x0 c:/wsn/wsn_eclipse/toolchains/arm_none_eabi/4_6_1/bin/../lib/gcc/arm-none-eabi/4.6.1/../../../../arm-none-eabi/lib/thumb2\libc.a(lib_a-strlen.o)
 .data          0x00000000        0x0 c:/wsn/wsn_eclipse/toolchains/arm_none_eabi/4_6_1/bin/../lib/gcc/arm-none-eabi/4.6.1/../../../../arm-none-eabi/lib/thumb2\libc.a(lib_a-strncpy.o)
 .bss           0x00000000        0x0 c:/wsn/wsn_eclipse/toolchains/arm_none_eabi/4_6_1/bin/../lib/gcc/arm-none-eabi/4.6.1/../../../../arm-none-eabi/lib/thumb2\libc.a(lib_a-strncpy.o)
 .text          0x00000000      0x21c c:/wsn/wsn_eclipse/toolchains/arm_none_eabi/4_6_1/bin/../lib/gcc/arm-none-eabi/4.6.1/thumb2\libgcc.a(_arm_addsubsf3.o)
 .data          0x00000000        0x0 c:/wsn/wsn_eclipse/toolchains/arm_none_eabi/4_6_1/bin/../lib/gcc/arm-none-eabi/4.6.1/thumb2\libgcc.a(_arm_addsubsf3.o)
 .bss           0x00000000        0x0 c:/wsn/wsn_eclipse/toolchains/arm_none_eabi/4_6_1/bin/../lib/gcc/arm-none-eabi/4.6.1/thumb2\libgcc.a(_arm_addsubsf3.o)
 .ARM.attributes
                0x00000000       0x1b c:/wsn/wsn_eclipse/toolchains/arm_none_eabi/4_6_1/bin/../lib/gcc/arm-none-eabi/4.6.1/thumb2\libgcc.a(_arm_addsubsf3.o)
 .text          0x00000000      0x2a0 c:/wsn/wsn_eclipse/toolchains/arm_none_eabi/4_6_1/bin/../lib/gcc/arm-none-eabi/4.6.1/thumb2\libgcc.a(_arm_muldivsf3.o)
 .data          0x00000000        0x0 c:/wsn/wsn_eclipse/toolchains/arm_none_eabi/4_6_1/bin/../lib/gcc/arm-none-eabi/4.6.1/thumb2\libgcc.a(_arm_muldivsf3.o)
 .bss           0x00000000        0x0 c:/wsn/wsn_eclipse/toolchains/arm_none_eabi/4_6_1/bin/../lib/gcc/arm-none-eabi/4.6.1/thumb2\libgcc.a(_arm_muldivsf3.o)
 .ARM.attributes
                0x00000000       0x1b c:/wsn/wsn_eclipse/toolchains/arm_none_eabi/4_6_1/bin/../lib/gcc/arm-none-eabi/4.6.1/thumb2\libgcc.a(_arm_muldivsf3.o)
 .text          0x00000000       0x4c c:/wsn/wsn_eclipse/toolchains/arm_none_eabi/4_6_1/bin/../lib/gcc/arm-none-eabi/4.6.1/thumb2\libgcc.a(_arm_fixsfsi.o)
 .data          0x00000000        0x0 c:/wsn/wsn_eclipse/toolchains/arm_none_eabi/4_6_1/bin/../lib/gcc/arm-none-eabi/4.6.1/thumb2\libgcc.a(_arm_fixsfsi.o)
 .bss           0x00000000        0x0 c:/wsn/wsn_eclipse/toolchains/arm_none_eabi/4_6_1/bin/../lib/gcc/arm-none-eabi/4.6.1/thumb2\libgcc.a(_arm_fixsfsi.o)
 .ARM.attributes
                0x00000000       0x1b c:/wsn/wsn_eclipse/toolchains/arm_none_eabi/4_6_1/bin/../lib/gcc/arm-none-eabi/4.6.1/thumb2\libgcc.a(_arm_fixsfsi.o)

Memory Configuration

Name             Origin             Length             Attributes
RAM              0x20000000         0x0000c000         xrw
FLASH            0x00400000         0x00040000         xr
*default*        0x00000000         0xffffffff

Linker script and memory map

LOAD obj/startup.o
LOAD obj/main.o
LOAD obj/hal.o
LOAD obj/hal_port.o
LOAD obj/hal_port_os.o
LOAD obj/croutine.o
LOAD obj/list.o
LOAD obj/queue.o
LOAD obj/tasks.o
LOAD obj/timers.o
LOAD obj/port.o
LOAD c:/wsn/wsn_eclipse/toolchains/arm_none_eabi/4_6_1/bin/../lib/gcc/arm-none-eabi/4.6.1/../../../../arm-none-eabi/lib/thumb2\libc.a
LOAD c:/wsn/wsn_eclipse/toolchains/arm_none_eabi/4_6_1/bin/../lib/gcc/arm-none-eabi/4.6.1/thumb2\libgcc.a
LOAD c:/wsn/wsn_eclipse/toolchains/arm_none_eabi/4_6_1/bin/../lib/gcc/arm-none-eabi/4.6.1/../../../../arm-none-eabi/lib/thumb2\libm.a
START GROUP
END GROUP
START GROUP
LOAD c:/wsn/wsn_eclipse/toolchains/arm_none_eabi/4_6_1/bin/../lib/gcc/arm-none-eabi/4.6.1/thumb2\libgcc.a
LOAD c:/wsn/wsn_eclipse/toolchains/arm_none_eabi/4_6_1/bin/../lib/gcc/arm-none-eabi/4.6.1/../../../../arm-none-eabi/lib/thumb2\libc.a
END GROUP
                0x00000000                PROVIDE (UnhandledException, 0x0)
                0x00000000                PROVIDE (SWI_Handler, 0x0)
                0x00000000                PROVIDE (IRQ_Handler, 0x0)
                0x00000000                PROVIDE (Prefetch_Handler, 0x0)
                0x00000000                PROVIDE (Abort_Handler, 0x0)
                0x00000000                PROVIDE (FIQ_Handler, 0x0)
                0x00000000                PROVIDE (NMIException, 0x0)
                0x00000000                PROVIDE (HardFaultException, 0x0)
                0x00000000                PROVIDE (MemManageException, 0x0)
                0x00000000                PROVIDE (BusFaultException, 0x0)
                0x00000000                PROVIDE (UsageFaultException, 0x0)
                0x00000000                PROVIDE (SVCHandler, 0x0)
                0x00000000                PROVIDE (DebugMonitor, 0x0)
                0x00000000                PROVIDE (PendSVC, 0x0)
                0x00000000                PROVIDE (SysTickHandler, 0x0)
                0x00000000                PROVIDE (WWDG_IRQHandler, 0x0)
                0x00000000                PROVIDE (PVD_IRQHandler, 0x0)
                0x00000000                PROVIDE (TAMPER_IRQHandler, 0x0)
                0x00000000                PROVIDE (RTC_IRQHandler, 0x0)
                0x00000000                PROVIDE (FLASH_IRQHandler, 0x0)
                0x00000000                PROVIDE (RCC_IRQHandler, 0x0)
                0x00000000                PROVIDE (EXTI0_IRQHandler, 0x0)
                0x00000000                PROVIDE (EXTI1_IRQHandler, 0x0)
                0x00000000                PROVIDE (EXTI2_IRQHandler, 0x0)
                0x00000000                PROVIDE (EXTI3_IRQHandler, 0x0)
                0x00000000                PROVIDE (EXTI4_IRQHandler, 0x0)
                0x00000000                PROVIDE (DMAChannel1_IRQHandler, 0x0)
                0x00000000                PROVIDE (DMAChannel2_IRQHandler, 0x0)
                0x00000000                PROVIDE (DMAChannel3_IRQHandler, 0x0)
                0x00000000                PROVIDE (DMAChannel4_IRQHandler, 0x0)
                0x00000000                PROVIDE (DMAChannel5_IRQHandler, 0x0)
                0x00000000                PROVIDE (DMAChannel6_IRQHandler, 0x0)
                0x00000000                PROVIDE (DMAChannel7_IRQHandler, 0x0)
                0x00000000                PROVIDE (ADC_IRQHandler, 0x0)
                0x00000000                PROVIDE (USB_HP_CAN_TX_IRQHandler, 0x0)
                0x00000000                PROVIDE (USB_LP_CAN_RX0_IRQHandler, 0x0)
                0x00000000                PROVIDE (CAN_RX1_IRQHandler, 0x0)
                0x00000000                PROVIDE (CAN_SCE_IRQHandler, 0x0)
                0x00000000                PROVIDE (EXTI9_5_IRQHandler, 0x0)
                0x00000000                PROVIDE (TIM1_BRK_IRQHandler, 0x0)
                0x00000000                PROVIDE (TIM1_UP_IRQHandler, 0x0)
                0x00000000                PROVIDE (TIM1_TRG_COM_IRQHandler, 0x0)
                0x00000000                PROVIDE (TIM1_CC_IRQHandler, 0x0)
                0x00000000                PROVIDE (TIM2_IRQHandler, 0x0)
                0x00000000                PROVIDE (TIM3_IRQHandler, 0x0)
                0x00000000                PROVIDE (TIM4_IRQHandler, 0x0)
                0x00000000                PROVIDE (I2C1_EV_IRQHandler, 0x0)
                0x00000000                PROVIDE (I2C1_ER_IRQHandler, 0x0)
                0x00000000                PROVIDE (I2C2_EV_IRQHandler, 0x0)
                0x00000000                PROVIDE (I2C2_ER_IRQHandler, 0x0)
                0x00000000                PROVIDE (SPI1_IRQHandler, 0x0)
                0x00000000                PROVIDE (SPI2_IRQHandler, 0x0)
                0x00000000                PROVIDE (USART1_IRQHandler, 0x0)
                0x00000000                PROVIDE (USART2_IRQHandler, 0x0)
                0x00000000                PROVIDE (USART3_IRQHandler, 0x0)
                0x00000000                PROVIDE (EXTI15_10_IRQHandler, 0x0)
                0x00000000                PROVIDE (RTCAlarm_IRQHandler, 0x0)
                0x00000000                PROVIDE (USBWakeUp_IRQHandler, 0x0)

.vector_flash   0x00400000       0xd0
 *(.vector_flash)
 .vector_flash  0x00400000       0xd0 obj/startup.o
                0x00400000                Reset_Vector

.text           0x004000d0     0x2194
                0x004000d0                . = ALIGN (0x4)
 *(.text)
 .text          0x004000d0       0x48 obj/startup.o
                0x004000d0                Reset_Handler
 .text          0x00400118       0xf0 c:/wsn/wsn_eclipse/toolchains/arm_none_eabi/4_6_1/bin/../lib/gcc/arm-none-eabi/4.6.1/../../../../arm-none-eabi/lib/thumb2\libc.a(lib_a-memcpy.o)
                0x00400118                memcpy
 .text          0x00400208       0x8c c:/wsn/wsn_eclipse/toolchains/arm_none_eabi/4_6_1/bin/../lib/gcc/arm-none-eabi/4.6.1/../../../../arm-none-eabi/lib/thumb2\libc.a(lib_a-memset.o)
                0x00400208                memset
 .text          0x00400294       0x60 c:/wsn/wsn_eclipse/toolchains/arm_none_eabi/4_6_1/bin/../lib/gcc/arm-none-eabi/4.6.1/../../../../arm-none-eabi/lib/thumb2\libc.a(lib_a-strlen.o)
                0x00400294                strlen
 .text          0x004002f4       0x74 c:/wsn/wsn_eclipse/toolchains/arm_none_eabi/4_6_1/bin/../lib/gcc/arm-none-eabi/4.6.1/../../../../arm-none-eabi/lib/thumb2\libc.a(lib_a-strncpy.o)
                0x004002f4                strncpy
 *(.text.*)
 .text.Default_Handler
                0x00400368        0x4 obj/startup.o
                0x00400368                USART1_IrqHandler
                0x00400368                USART0_IrqHandler
                0x00400368                Default_Handler
                0x00400368                UART1_IrqHandler
                0x00400368                SPI1_IrqHandler
                0x00400368                T0_IrqHandler
                0x00400368                T1_IrqHandler
                0x00400368                UART0_IrqHandler
 .text.Failure  0x0040036c       0x10 obj/main.o
 .text.KillerTask
                0x0040037c       0x60 obj/main.o
                0x0040037c                KillerTask
 .text.TimerTask
                0x004003dc       0x90 obj/main.o
                0x004003dc                TimerTask
 .text.WorkerTask
                0x0040046c       0x5c obj/main.o
                0x0040046c                WorkerTask
 .text.startup.main
                0x004004c8      0x1e0 obj/main.o
                0x004004c8                main
 .text.HEAP_Alloc
                0x004006a8       0x50 obj/hal.o
                0x004006a8                HEAP_Alloc
 .text.HEAP_Free
                0x004006f8        0x2 obj/hal.o
                0x004006f8                HEAP_Free
 .text.IODEV_Init
                0x004006fa       0x14 obj/hal.o
                0x004006fa                IODEV_Init
 *fill*         0x0040070e        0x2 00
 .text.DIAG_Init
                0x00400710       0x24 obj/hal.o
                0x00400710                DIAG_Init
 .text.DIAG_SetOutputDevice
                0x00400734       0x18 obj/hal.o
                0x00400734                DIAG_SetOutputDevice
 .text.DIAG_ActivateChannel
                0x0040074c       0x18 obj/hal.o
                0x0040074c                DIAG_ActivateChannel
 .text.DIAG_LogINT
                0x00400764       0x88 obj/hal.o
                0x00400764                DIAG_LogINT
 .text.DIAG_LogMsg
                0x004007ec       0x30 obj/hal.o
                0x004007ec                DIAG_LogMsg
 .text.DIAG_LogNL
                0x0040081c       0x28 obj/hal.o
                0x0040081c                DIAG_LogNL
 .text.CLK_PORT_Init
                0x00400844        0x4 obj/hal_port.o
                0x00400844                CLK_PORT_Init
 .text.CLK_PORT_Deinit
                0x00400848        0x4 obj/hal_port.o
                0x00400848                CLK_PORT_Deinit
 .text.CLK_PORT_GetClockSource
                0x0040084c       0x60 obj/hal_port.o
                0x0040084c                CLK_PORT_GetClockSource
 .text.HAL_PORT_USART_POLL_Init
                0x004008ac       0x54 obj/hal_port.o
                0x004008ac                HAL_PORT_USART_POLL_Init
 .text.HAL_PORT_USART_POLL_Deinit
                0x00400900       0x2c obj/hal_port.o
                0x00400900                HAL_PORT_USART_POLL_Deinit
 .text.HAL_PORT_USART_POLL_GetReadCount
                0x0040092c       0x1c obj/hal_port.o
                0x0040092c                HAL_PORT_USART_POLL_GetReadCount
 .text.HAL_PORT_USART_POLL_GetWriteSpace
                0x00400948       0x1c obj/hal_port.o
                0x00400948                HAL_PORT_USART_POLL_GetWriteSpace
 .text.HAL_PORT_USART_POLL_Read
                0x00400964       0x3c obj/hal_port.o
                0x00400964                HAL_PORT_USART_POLL_Read
 .text.HAL_PORT_USART_POLL_Write
                0x004009a0       0x40 obj/hal_port.o
                0x004009a0                HAL_PORT_USART_POLL_Write
 .text.CORE_PORT_Init
                0x004009e0       0x10 obj/hal_port.o
                0x004009e0                CORE_PORT_Init
 .text.HAL_Port_Calculate_EmbeddedRC
                0x004009f0       0x40 obj/hal_port.o
                0x004009f0                HAL_Port_Calculate_EmbeddedRC
 .text.HAL_Port_Calculate_MasterPrescaler
                0x00400a30       0x9e obj/hal_port.o
                0x00400a30                HAL_Port_Calculate_MasterPrescaler
 .text.HAL_Port_Calculate_MasterFreq
                0x00400ace       0x44 obj/hal_port.o
                0x00400ace                HAL_Port_Calculate_MasterFreq
 *fill*         0x00400b12        0x2 00
 .text.CLK_PORT_GetClockFrequency
                0x00400b14      0x1d0 obj/hal_port.o
                0x00400b14                CLK_PORT_GetClockFrequency
 .text.CLK_PORT_GetClockSourceFreq
                0x00400ce4       0x64 obj/hal_port.o
                0x00400ce4                CLK_PORT_GetClockSourceFreq
 .text.HAL_Port_Calculate_PllPrescaler
                0x00400d48       0xd0 obj/hal_port.o
                0x00400d48                HAL_Port_Calculate_PllPrescaler
 .text.HAL_CLK_FlashPrefetch
                0x00400e18       0x4c obj/hal_port.o
                0x00400e18                HAL_CLK_FlashPrefetch
 .text.CLK_PORT_SetClockSource
                0x00400e64      0x320 obj/hal_port.o
                0x00400e64                CLK_PORT_SetClockSource
 .text.HAL_GPIO_PORT_ConfigurePin
                0x00401184       0xf4 obj/hal_port.o
                0x00401184                HAL_GPIO_PORT_ConfigurePin
 .text.HAL_PORT_USART_POLL_DisableRead
                0x00401278       0x28 obj/hal_port.o
                0x00401278                HAL_PORT_USART_POLL_DisableRead
 .text.HAL_PORT_USART_POLL_EnableRead
                0x004012a0       0x28 obj/hal_port.o
                0x004012a0                HAL_PORT_USART_POLL_EnableRead
 .text.HAL_PORT_USART_POLL_DisableWrite
                0x004012c8       0x34 obj/hal_port.o
                0x004012c8                HAL_PORT_USART_POLL_DisableWrite
 .text.HAL_PORT_USART_POLL_EnableWrite
                0x004012fc       0x34 obj/hal_port.o
                0x004012fc                HAL_PORT_USART_POLL_EnableWrite
 .text.PIOA_IrqHandler
                0x00401330       0x38 obj/hal_port.o
                0x00401330                PIOA_IrqHandler
 .text.PIOB_IrqHandler
                0x00401368       0x3c obj/hal_port.o
                0x00401368                PIOB_IrqHandler
 .text.PIOC_IrqHandler
                0x004013a4       0x3c obj/hal_port.o
                0x004013a4                PIOC_IrqHandler
 .text.OSTASK_PORT_Create
                0x004013e0       0x2a obj/hal_port_os.o
                0x004013e0                OSTASK_PORT_Create
 .text.pvPortMalloc
                0x0040140a        0x4 obj/hal_port_os.o
                0x0040140a                pvPortMalloc
 .text.vPortFree
                0x0040140e        0x4 obj/hal_port_os.o
                0x0040140e                vPortFree
 .text.vListInitialise
                0x00401412       0x16 obj/list.o
                0x00401412                vListInitialise
 .text.vListInitialiseItem
                0x00401428        0x6 obj/list.o
                0x00401428                vListInitialiseItem
 .text.vListInsertEnd
                0x0040142e       0x1c obj/list.o
                0x0040142e                vListInsertEnd
 .text.vListInsert
                0x0040144a       0x30 obj/list.o
                0x0040144a                vListInsert
 .text.uxListRemove
                0x0040147a       0x26 obj/list.o
                0x0040147a                uxListRemove
 .text.prvCopyDataFromQueue
                0x004014a0       0x26 obj/queue.o
 .text.prvUnlockQueue
                0x004014c6       0x64 obj/queue.o
 .text.prvCopyDataToQueue
                0x0040152a       0x58 obj/queue.o
 .text.xQueueGenericReset
                0x00401582       0x5c obj/queue.o
                0x00401582                xQueueGenericReset
 .text.xQueueGenericCreate
                0x004015de       0x40 obj/queue.o
                0x004015de                xQueueGenericCreate
 .text.xQueueCreateCountingSemaphore
                0x0040161e       0x12 obj/queue.o
                0x0040161e                xQueueCreateCountingSemaphore
 .text.xQueueGenericSend
                0x00401630       0xdc obj/queue.o
                0x00401630                xQueueGenericSend
 .text.xQueueCreateMutex
                0x0040170c       0x44 obj/queue.o
                0x0040170c                xQueueCreateMutex
 .text.xQueueGenericReceive
                0x00401750      0x108 obj/queue.o
                0x00401750                xQueueGenericReceive
 .text.prvAddCurrentTaskToDelayedList
                0x00401858       0x50 obj/tasks.o
 .text.prvIdleTask
                0x004018a8       0x14 obj/tasks.o
 .text.xTaskGenericCreate
                0x004018bc      0x1a8 obj/tasks.o
                0x004018bc                xTaskGenericCreate
 .text.vTaskStartScheduler
                0x00401a64       0x4c obj/tasks.o
                0x00401a64                vTaskStartScheduler
 .text.vTaskEndScheduler
                0x00401ab0       0x18 obj/tasks.o
                0x00401ab0                vTaskEndScheduler
 .text.vTaskSuspendAll
                0x00401ac8       0x10 obj/tasks.o
                0x00401ac8                vTaskSuspendAll
 .text.vTaskIncrementTick
                0x00401ad8       0xc8 obj/tasks.o
                0x00401ad8                vTaskIncrementTick
 .text.xTaskResumeAll
                0x00401ba0       0xc0 obj/tasks.o
                0x00401ba0                xTaskResumeAll
 .text.vTaskDelay
                0x00401c60       0x38 obj/tasks.o
                0x00401c60                vTaskDelay
 .text.vTaskSwitchContext
                0x00401c98       0x58 obj/tasks.o
                0x00401c98                vTaskSwitchContext
 .text.vTaskPlaceOnEventList
                0x00401cf0       0x44 obj/tasks.o
                0x00401cf0                vTaskPlaceOnEventList
 .text.xTaskRemoveFromEventList
                0x00401d34       0x64 obj/tasks.o
                0x00401d34                xTaskRemoveFromEventList
 .text.vTaskSetTimeOutState
                0x00401d98       0x18 obj/tasks.o
                0x00401d98                vTaskSetTimeOutState
 .text.xTaskCheckForTimeOut
                0x00401db0       0x58 obj/tasks.o
                0x00401db0                xTaskCheckForTimeOut
 .text.vTaskMissedYield
                0x00401e08        0xc obj/tasks.o
                0x00401e08                vTaskMissedYield
 .text.xTaskGetCurrentTaskHandle
                0x00401e14        0xc obj/tasks.o
                0x00401e14                xTaskGetCurrentTaskHandle
 .text.vTaskPriorityInherit
                0x00401e20       0x68 obj/tasks.o
                0x00401e20                vTaskPriorityInherit
 .text.vTaskPriorityDisinherit
                0x00401e88       0x48 obj/tasks.o
                0x00401e88                vTaskPriorityDisinherit
 .text.prvPortStartFirstTask
                0x00401ed0       0x14 obj/port.o
 .text.pxPortInitialiseStack
                0x00401ee4       0x16 obj/port.o
                0x00401ee4                pxPortInitialiseStack
 *fill*         0x00401efa        0x2 00
 .text.SVCHandler
                0x00401efc       0x20 obj/port.o
                0x00401efc                SVCHandler
 .text.vPortEndScheduler
                0x00401f1c        0x2 obj/port.o
                0x00401f1c                vPortEndScheduler
 *fill*         0x00401f1e        0x2 00
 .text.vPortYieldFromISR
                0x00401f20       0x10 obj/port.o
                0x00401f20                vPortYieldFromISR
 .text.ulPortSetInterruptMask
                0x00401f30       0x10 obj/port.o
                0x00401f30                ulPortSetInterruptMask
 .text.vPortEnterCritical
                0x00401f40       0x14 obj/port.o
                0x00401f40                vPortEnterCritical
 .text.vPortClearInterruptMask
                0x00401f54        0x6 obj/port.o
                0x00401f54                vPortClearInterruptMask
 *fill*         0x00401f5a        0x2 00
 .text.vPortExitCritical
                0x00401f5c       0x14 obj/port.o
                0x00401f5c                vPortExitCritical
 .text.PendSVC  0x00401f70       0x3c obj/port.o
                0x00401f70                PendSVC
 .text.SysTick_Handler
                0x00401fac       0x20 obj/port.o
                0x00401fac                SysTick_Handler
 .text.vPortSetupTimerInterrupt
                0x00401fcc       0x14 obj/port.o
                0x00401fcc                vPortSetupTimerInterrupt
 .text.xPortStartScheduler
                0x00401fe0       0x30 obj/port.o
                0x00401fe0                xPortStartScheduler
 *(.gnu.linkonce.t.*)
 *(.rodata)
 *(.rodata.*)
 .rodata.str1.1
                0x00402010      0x1b9 obj/main.o
 .rodata.str1.1
                0x004021c9       0x91 obj/hal.o
                                 0x98 (size before relaxing)
 .rodata.CSWTCH.25
                0x0040225a        0x4 obj/hal_port.o
 .rodata.str1.1
                0x0040225e        0x5 obj/tasks.o
 *(.gnu.linkonce.r.*)
                0x00402264                . = ALIGN (0x4)
 *fill*         0x00402263        0x1 00
                0x00402264                _etext = .
                0x00402264                _sidata = _etext

.glue_7         0x00402264        0x0
 .glue_7        0x00000000        0x0 linker stubs

.glue_7t        0x00402264        0x0
 .glue_7t       0x00000000        0x0 linker stubs

.vfp11_veneer   0x00402264        0x0
 .vfp11_veneer  0x00000000        0x0 linker stubs

.v4_bx          0x00402264        0x0
 .v4_bx         0x00000000        0x0 linker stubs

.iplt           0x00402264        0x0
 .iplt          0x00000000        0x0 obj/startup.o

.rel.dyn        0x00402264        0x0
 .rel.iplt      0x00000000        0x0 obj/startup.o

.vector_ram     0x20000000        0x0
                0x20000000                . = ALIGN (0x4)
 *(.vector_ram)
                0x20000000                . = ALIGN (0x4)

.data           0x20000000       0x70 load address 0x00402264
                0x20000000                . = ALIGN (0x4)
                0x20000000                _sdata = .
 *(.data)
 *(.data.*)
 .data.dividera
                0x20000000        0x4 obj/hal_port.o
 .data.dividerb
                0x20000004        0x4 obj/hal_port.o
 .data.multiplera
                0x20000008        0x4 obj/hal_port.o
 .data.multiplerb
                0x2000000c        0x4 obj/hal_port.o
 .data.io_usart1_poll
                0x20000010       0x30 obj/hal_port.o
                0x20000010                io_usart1_poll
 .data.io_usart1
                0x20000040        0x4 obj/hal_port.o
                0x20000040                io_usart1
 .data.slck_freq
                0x20000044        0x4 obj/hal_port.o
 .data.cc_sam3s_desc
                0x20000048       0x1c obj/hal_port.o
                0x20000048                cc_sam3s_desc
 .data.cc_sam3s
                0x20000064        0x4 obj/hal_port.o
                0x20000064                cc_sam3s
 .data.xNextTaskUnblockTime
                0x20000068        0x4 obj/tasks.o
 .data.uxCriticalNesting
                0x2000006c        0x4 obj/port.o
                0x20000070                . = ALIGN (0x4)
                0x20000070                _edata = .

.igot.plt       0x20000070        0x0 load address 0x004022d4
 .igot.plt      0x00000000        0x0 obj/startup.o

.bss            0x20000100     0x259c load address 0x00402400
                0x20000100                . = ALIGN (0x4)
                0x20000100                _sbss = .
 *(.bss)
 .bss           0x20000100      0x400 obj/startup.o
 *(.bss.*)
 .bss.HAL_Heap  0x20000500     0x2004 obj/hal.o
 .bss.DIAG_error_handler
                0x20002504        0x4 obj/hal.o
 .bss.DIAG_channel
                0x20002508       0x40 obj/hal.o
 .bss.HAL_HeapIndex
                0x20002548        0x4 obj/hal.o
 .bss.gs_interrupt_sources
                0x2000254c       0x54 obj/hal_port.o
 .bss.xck_freq  0x200025a0        0x4 obj/hal_port.o
 .bss.uxMissedTicks
                0x200025a4        0x4 obj/tasks.o
 .bss.xSuspendedTaskList
                0x200025a8       0x14 obj/tasks.o
 .bss.pxDelayedTaskList
                0x200025bc        0x4 obj/tasks.o
 .bss.xSchedulerRunning
                0x200025c0        0x4 obj/tasks.o
 .bss.uxSchedulerSuspended
                0x200025c4        0x4 obj/tasks.o
 .bss.xNumOfOverflows
                0x200025c8        0x4 obj/tasks.o
 .bss.xDelayedTaskList2
                0x200025cc       0x14 obj/tasks.o
 .bss.pxReadyTasksLists
                0x200025e0       0x64 obj/tasks.o
 .bss.pxCurrentTCB
                0x20002644        0x4 obj/tasks.o
                0x20002644                pxCurrentTCB
 .bss.xPendingReadyList
                0x20002648       0x14 obj/tasks.o
 .bss.xTickCount
                0x2000265c        0x4 obj/tasks.o
 .bss.pxOverflowDelayedTaskList
                0x20002660        0x4 obj/tasks.o
 .bss.uxTopReadyPriority
                0x20002664        0x4 obj/tasks.o
 .bss.uxTaskNumber
                0x20002668        0x4 obj/tasks.o
 .bss.xDelayedTaskList1
                0x2000266c       0x14 obj/tasks.o
 .bss.xMissedYield
                0x20002680        0x4 obj/tasks.o
 .bss.uxCurrentNumberOfTasks
                0x20002684        0x4 obj/tasks.o
 .bss.uxTopUsedPriority
                0x20002688        0x4 obj/tasks.o
 *(COMMON)
 COMMON         0x2000268c        0xc obj/main.o
                0x2000268c                mutex
                0x20002690                binary_sem
                0x20002694                counting_sem
 COMMON         0x20002698        0x4 obj/hal_port.o
                0x20002698                HAL_PORT_InterruptState
                0x2000269c                . = ALIGN (0x4)
                0x2000269c                _ebss = .
                0x2000269c                PROVIDE (end, _ebss)
                0x2000269c                PROVIDE (_end, _ebss)
                0x2000269c                __exidx_start = .
                0x2000269c                __exidx_end = .

/DISCARD/
 libc.a(*)
 libm.a(*)
 libgcc.a(*)

.stab
 *(.stab)

.stabstr
 *(.stabstr)

.stab.excl
 *(.stab.excl)

.stab.exclstr
 *(.stab.exclstr)

.stab.index
 *(.stab.index)

.stab.indexstr
 *(.stab.indexstr)

.comment        0x00000000       0x30
 *(.comment)
 .comment       0x00000000       0x30 obj/main.o
                                 0x31 (size before relaxing)
 .comment       0x00000000       0x31 obj/hal.o
 .comment       0x00000000       0x31 obj/hal_port.o
 .comment       0x00000000       0x31 obj/hal_port_os.o
 .comment       0x00000000       0x31 obj/list.o
 .comment       0x00000000       0x31 obj/queue.o
 .comment       0x00000000       0x31 obj/tasks.o
 .comment       0x00000000       0x31 obj/port.o

.ARM.attributes
                0x00000000       0x2f
 .ARM.attributes
                0x00000000       0x21 obj/startup.o
 .ARM.attributes
                0x00000021       0x33 obj/main.o
 .ARM.attributes
                0x00000054       0x33 obj/hal.o
 .ARM.attributes
                0x00000087       0x33 obj/hal_port.o
 .ARM.attributes
                0x000000ba       0x33 obj/hal_port_os.o
 .ARM.attributes
                0x000000ed       0x33 obj/list.o
 .ARM.attributes
                0x00000120       0x33 obj/queue.o
 .ARM.attributes
                0x00000153       0x33 obj/tasks.o
 .ARM.attributes
                0x00000186       0x33 obj/port.o
 .ARM.attributes
                0x000001b9       0x2b c:/wsn/wsn_eclipse/toolchains/arm_none_eabi/4_6_1/bin/../lib/gcc/arm-none-eabi/4.6.1/../../../../arm-none-eabi/lib/thumb2\libc.a(lib_a-memcpy.o)
 .ARM.attributes
                0x000001e4       0x2b c:/wsn/wsn_eclipse/toolchains/arm_none_eabi/4_6_1/bin/../lib/gcc/arm-none-eabi/4.6.1/../../../../arm-none-eabi/lib/thumb2\libc.a(lib_a-memset.o)
 .ARM.attributes
                0x0000020f       0x2b c:/wsn/wsn_eclipse/toolchains/arm_none_eabi/4_6_1/bin/../lib/gcc/arm-none-eabi/4.6.1/../../../../arm-none-eabi/lib/thumb2\libc.a(lib_a-strlen.o)
 .ARM.attributes
                0x0000023a       0x2b c:/wsn/wsn_eclipse/toolchains/arm_none_eabi/4_6_1/bin/../lib/gcc/arm-none-eabi/4.6.1/../../../../arm-none-eabi/lib/thumb2\libc.a(lib_a-strncpy.o)

.debug
 *(.debug)

.line
 *(.line)

.debug_srcinfo
 *(.debug_srcinfo)

.debug_sfnames
 *(.debug_sfnames)

.debug_aranges  0x00000000      0x658
 *(.debug_aranges)
 .debug_aranges
                0x00000000       0x28 obj/startup.o
 .debug_aranges
                0x00000028       0x40 obj/main.o
 .debug_aranges
                0x00000068      0x1b0 obj/hal.o
 .debug_aranges
                0x00000218      0x1d0 obj/hal_port.o
 .debug_aranges
                0x000003e8       0x38 obj/hal_port_os.o
 .debug_aranges
                0x00000420       0x40 obj/list.o
 .debug_aranges
                0x00000460       0x98 obj/queue.o
 .debug_aranges
                0x000004f8       0xe0 obj/tasks.o
 .debug_aranges
                0x000005d8       0x80 obj/port.o

.debug_pubnames
 *(.debug_pubnames)

.debug_info     0x00000000     0x5623
 *(.debug_info .gnu.linkonce.wi.*)
 .debug_info    0x00000000       0x6b obj/startup.o
 .debug_info    0x0000006b      0x923 obj/main.o
 .debug_info    0x0000098e     0x136e obj/hal.o
 .debug_info    0x00001cfc     0x1e37 obj/hal_port.o
 .debug_info    0x00003b33      0x1b8 obj/hal_port_os.o
 .debug_info    0x00003ceb      0x2a8 obj/list.o
 .debug_info    0x00003f93      0x86a obj/queue.o
 .debug_info    0x000047fd      0xc06 obj/tasks.o
 .debug_info    0x00005403      0x220 obj/port.o

.debug_abbrev   0x00000000      0xee5
 *(.debug_abbrev)
 .debug_abbrev  0x00000000       0x12 obj/startup.o
 .debug_abbrev  0x00000012      0x157 obj/main.o
 .debug_abbrev  0x00000169      0x329 obj/hal.o
 .debug_abbrev  0x00000492      0x35b obj/hal_port.o
 .debug_abbrev  0x000007ed       0xf1 obj/hal_port_os.o
 .debug_abbrev  0x000008de       0xed obj/list.o
 .debug_abbrev  0x000009cb      0x171 obj/queue.o
 .debug_abbrev  0x00000b3c      0x24e obj/tasks.o
 .debug_abbrev  0x00000d8a      0x15b obj/port.o

.debug_line     0x00000000     0x26dc
 *(.debug_line)
 .debug_line    0x00000000       0x68 obj/startup.o
 .debug_line    0x00000068      0x375 obj/main.o
 .debug_line    0x000003dd      0xa2b obj/hal.o
 .debug_line    0x00000e08      0xad2 obj/hal_port.o
 .debug_line    0x000018da      0x1c2 obj/hal_port_os.o
 .debug_line    0x00001a9c      0x16a obj/list.o
 .debug_line    0x00001c06      0x3c3 obj/queue.o
 .debug_line    0x00001fc9      0x510 obj/tasks.o
 .debug_line    0x000024d9      0x203 obj/port.o

.debug_frame    0x00000000     0x1280
 *(.debug_frame)
 .debug_frame   0x00000000       0xa4 obj/main.o
 .debug_frame   0x000000a4      0x5ec obj/hal.o
 .debug_frame   0x00000690      0x48c obj/hal_port.o
 .debug_frame   0x00000b1c       0x6c obj/hal_port_os.o
 .debug_frame   0x00000b88       0x6c obj/list.o
 .debug_frame   0x00000bf4      0x20c obj/queue.o
 .debug_frame   0x00000e00      0x2d4 obj/tasks.o
 .debug_frame   0x000010d4      0x104 obj/port.o
 .debug_frame   0x000011d8       0x30 c:/wsn/wsn_eclipse/toolchains/arm_none_eabi/4_6_1/bin/../lib/gcc/arm-none-eabi/4.6.1/../../../../arm-none-eabi/lib/thumb2\libc.a(lib_a-memcpy.o)
 .debug_frame   0x00001208       0x2c c:/wsn/wsn_eclipse/toolchains/arm_none_eabi/4_6_1/bin/../lib/gcc/arm-none-eabi/4.6.1/../../../../arm-none-eabi/lib/thumb2\libc.a(lib_a-memset.o)
 .debug_frame   0x00001234       0x20 c:/wsn/wsn_eclipse/toolchains/arm_none_eabi/4_6_1/bin/../lib/gcc/arm-none-eabi/4.6.1/../../../../arm-none-eabi/lib/thumb2\libc.a(lib_a-strlen.o)
 .debug_frame   0x00001254       0x2c c:/wsn/wsn_eclipse/toolchains/arm_none_eabi/4_6_1/bin/../lib/gcc/arm-none-eabi/4.6.1/../../../../arm-none-eabi/lib/thumb2\libc.a(lib_a-strncpy.o)

.debug_str      0x00000000     0x2339
 *(.debug_str)
 .debug_str     0x00000000      0x577 obj/main.o
                                0x640 (size before relaxing)
 .debug_str     0x00000577      0x527 obj/hal.o
                                0x81c (size before relaxing)
 .debug_str     0x00000a9e      0xbea obj/hal_port.o
                               0x11f8 (size before relaxing)
 .debug_str     0x00001688       0xc9 obj/hal_port_os.o
                                0x180 (size before relaxing)
 .debug_str     0x00001751      0x14e obj/list.o
                                0x1f6 (size before relaxing)
 .debug_str     0x0000189f      0x377 obj/queue.o
                                0x4e6 (size before relaxing)
 .debug_str     0x00001c16      0x5b2 obj/tasks.o
                                0x7a2 (size before relaxing)
 .debug_str     0x000021c8      0x171 obj/port.o
                                0x234 (size before relaxing)

.debug_loc      0x00000000     0x3cb3
 *(.debug_loc)
 .debug_loc     0x00000000       0xf7 obj/main.o
 .debug_loc     0x000000f7     0x168d obj/hal.o
 .debug_loc     0x00001784     0x125e obj/hal_port.o
 .debug_loc     0x000029e2      0x128 obj/hal_port_os.o
 .debug_loc     0x00002b0a       0xe9 obj/list.o
 .debug_loc     0x00002bf3      0x810 obj/queue.o
 .debug_loc     0x00003403      0x7f6 obj/tasks.o
 .debug_loc     0x00003bf9       0xba obj/port.o

.debug_macinfo
 *(.debug_macinfo)

.debug_weaknames
 *(.debug_weaknames)

.debug_funcnames
 *(.debug_funcnames)

.debug_typenames
 *(.debug_typenames)

.debug_varnames
 *(.debug_varnames)

.eh_frame
 *(.eh_frame)
OUTPUT(output.elf elf32-littlearm)

.debug_ranges   0x00000000      0x708
 .debug_ranges  0x00000000       0x20 obj/startup.o
 .debug_ranges  0x00000020       0x30 obj/main.o
 .debug_ranges  0x00000050      0x1f0 obj/hal.o
 .debug_ranges  0x00000240      0x250 obj/hal_port.o
 .debug_ranges  0x00000490       0x28 obj/hal_port_os.o
 .debug_ranges  0x000004b8       0x30 obj/list.o
 .debug_ranges  0x000004e8       0x88 obj/queue.o
 .debug_ranges  0x00000570      0x128 obj/tasks.o
 .debug_ranges  0x00000698       0x70 obj/port.o

Cross Reference Table

Symbol                                            File
CLK_PORT_Deinit                                   obj/hal_port.o
CLK_PORT_GetClockFrequency                        obj/hal_port.o
CLK_PORT_GetClockSource                           obj/hal_port.o
CLK_PORT_GetClockSourceFreq                       obj/hal_port.o
CLK_PORT_Init                                     obj/hal_port.o
CLK_PORT_SetClockSource                           obj/hal_port.o
CORE_PORT_Init                                    obj/hal_port.o
                                                  obj/main.o
DIAG_ActivateChannel                              obj/hal.o
                                                  obj/main.o
DIAG_DeactivateChannel                            obj/hal.o
DIAG_Deinit                                       obj/hal.o
DIAG_GetOutputDevice                              obj/hal.o
DIAG_Init                                         obj/hal.o
                                                  obj/main.o
DIAG_Log                                          obj/hal.o
DIAG_LogChar                                      obj/hal.o
DIAG_LogData                                      obj/hal.o
DIAG_LogFLOAT                                     obj/hal.o
DIAG_LogHeader                                    obj/hal.o
DIAG_LogINT                                       obj/hal.o
                                                  obj/main.o
DIAG_LogIOBuf                                     obj/hal.o
DIAG_LogMsg                                       obj/hal.o
                                                  obj/main.o
DIAG_LogNL                                        obj/hal.o
                                                  obj/main.o
DIAG_LogUINT                                      obj/hal.o
DIAG_ProcessErrors                                obj/hal.o
DIAG_ReportError                                  obj/hal.o
DIAG_SetClockSource                               obj/hal.o
DIAG_SetErrorHandler                              obj/hal.o
DIAG_SetOutputDevice                              obj/hal.o
                                                  obj/main.o
DebugMonitor                                      obj/startup.o
Default_Handler                                   obj/startup.o
HAL_CLK_FlashPrefetch                             obj/hal_port.o
HAL_GPIO_PORT_ConfigurePin                        obj/hal_port.o
HAL_GPIO_PORT_ConfigurePort                       obj/hal_port.o
HAL_GPIO_PORT_Deinit                              obj/hal_port.o
HAL_GPIO_PORT_EnableEvent                         obj/hal_port.o
HAL_GPIO_PORT_Init                                obj/hal_port.o
HAL_GPIO_PORT_IsEventEnabled                      obj/hal_port.o
HAL_GPIO_PORT_SetEventHandler                     obj/hal_port.o
HAL_PORT_InterruptState                           obj/hal_port.o
                                                  obj/hal.o
HAL_PORT_NVIC_IRQDeinit                           obj/hal_port.o
HAL_PORT_NVIC_IRQInit                             obj/hal_port.o
HAL_PORT_NVIC_PriorityGroupConfig                 obj/hal_port.o
HAL_PORT_SPI_POLL_Deinit                          obj/hal_port.o
HAL_PORT_SPI_POLL_DisableRead                     obj/hal_port.o
HAL_PORT_SPI_POLL_DisableWrite                    obj/hal_port.o
HAL_PORT_SPI_POLL_EnableRead                      obj/hal_port.o
HAL_PORT_SPI_POLL_EnableWrite                     obj/hal_port.o
HAL_PORT_SPI_POLL_GetReadCount                    obj/hal_port.o
HAL_PORT_SPI_POLL_GetWriteSpace                   obj/hal_port.o
HAL_PORT_SPI_POLL_Init                            obj/hal_port.o
HAL_PORT_SPI_POLL_Read                            obj/hal_port.o
HAL_PORT_SPI_POLL_Write                           obj/hal_port.o
HAL_PORT_UART_POLL_Deinit                         obj/hal_port.o
HAL_PORT_UART_POLL_DisableRead                    obj/hal_port.o
HAL_PORT_UART_POLL_DisableWrite                   obj/hal_port.o
HAL_PORT_UART_POLL_EnableRead                     obj/hal_port.o
HAL_PORT_UART_POLL_EnableWrite                    obj/hal_port.o
HAL_PORT_UART_POLL_GetReadCount                   obj/hal_port.o
HAL_PORT_UART_POLL_GetWriteSpace                  obj/hal_port.o
HAL_PORT_UART_POLL_Init                           obj/hal_port.o
HAL_PORT_UART_POLL_Read                           obj/hal_port.o
HAL_PORT_UART_POLL_Write                          obj/hal_port.o
HAL_PORT_USART_POLL_Deinit                        obj/hal_port.o
HAL_PORT_USART_POLL_DisableRead                   obj/hal_port.o
HAL_PORT_USART_POLL_DisableWrite                  obj/hal_port.o
HAL_PORT_USART_POLL_EnableRead                    obj/hal_port.o
HAL_PORT_USART_POLL_EnableWrite                   obj/hal_port.o
HAL_PORT_USART_POLL_GetReadCount                  obj/hal_port.o
HAL_PORT_USART_POLL_GetWriteSpace                 obj/hal_port.o
HAL_PORT_USART_POLL_Init                          obj/hal_port.o
HAL_PORT_USART_POLL_Read                          obj/hal_port.o
HAL_PORT_USART_POLL_Write                         obj/hal_port.o
HAL_Port_Calculate_EmbeddedRC                     obj/hal_port.o
HAL_Port_Calculate_MasterFreq                     obj/hal_port.o
HAL_Port_Calculate_MasterPrescaler                obj/hal_port.o
HAL_Port_Calculate_PllPrescaler                   obj/hal_port.o
HEAP_Alloc                                        obj/hal.o
                                                  obj/hal_port_os.o
HEAP_Free                                         obj/hal.o
                                                  obj/hal_port_os.o
HEAP_GetSpaceLeft                                 obj/hal.o
HEAP_GetSpaceUsed                                 obj/hal.o
IOBUF_Clear                                       obj/hal.o
IOBUF_Create                                      obj/hal.o
IOBUF_Destroy                                     obj/hal.o
IOBUF_GetCount                                    obj/hal.o
IOBUF_GetSize                                     obj/hal.o
IOBUF_GetSpace                                    obj/hal.o
IOBUF_Init                                        obj/hal.o
IOBUF_Move                                        obj/hal.o
IOBUF_Peek                                        obj/hal.o
IOBUF_Read                                        obj/hal.o
IOBUF_ReadFast                                    obj/hal.o
IOBUF_ReadNextFragment                            obj/hal.o
IOBUF_Remove                                      obj/hal.o
IOBUF_Write                                       obj/hal.o
IOBUF_WriteFast                                   obj/hal.o
IOBUF_WriteNextFragment                           obj/hal.o
IODEV_Deinit                                      obj/hal.o
IODEV_Init                                        obj/hal.o
                                                  obj/main.o
IODEV_Lock                                        obj/hal.o
IODEV_Unlock                                      obj/hal.o
IODEV_WaitForData                                 obj/hal.o
KillerTask                                        obj/main.o
OSTASK_PORT_Create                                obj/hal_port_os.o
                                                  obj/main.o
OS_PORT_SleepUntil                                obj/hal_port_os.o
PIOA_IrqHandler                                   obj/hal_port.o
                                                  obj/startup.o
PIOB_IrqHandler                                   obj/hal_port.o
                                                  obj/startup.o
PIOC_IrqHandler                                   obj/hal_port.o
                                                  obj/startup.o
PendSVC                                           obj/port.o
                                                  obj/startup.o
Reset_Handler                                     obj/startup.o
Reset_Vector                                      obj/startup.o
SPI1_IrqHandler                                   obj/startup.o
SVCHandler                                        obj/port.o
                                                  obj/startup.o
SysTick_Handler                                   obj/port.o
                                                  obj/startup.o
T0_IrqHandler                                     obj/startup.o
T1_IrqHandler                                     obj/startup.o
TXTDEV_ReadString                                 obj/hal.o
TXTDEV_WriteFLOAT                                 obj/hal.o
TXTDEV_WriteINT                                   obj/hal.o
TXTDEV_WriteNL                                    obj/hal.o
TXTDEV_WriteString                                obj/hal.o
TXTDEV_WriteUINT                                  obj/hal.o
TimerTask                                         obj/main.o
UART0_IrqHandler                                  obj/startup.o
UART1_IrqHandler                                  obj/startup.o
USART0_IrqHandler                                 obj/startup.o
USART1_IrqHandler                                 obj/startup.o
UnhandledException                                obj/startup.o
WorkerTask                                        obj/main.o
__addsf3                                          c:/wsn/wsn_eclipse/toolchains/arm_none_eabi/4_6_1/bin/../lib/gcc/arm-none-eabi/4.6.1/thumb2\libgcc.a(_arm_addsubsf3.o)
__aeabi_f2iz                                      c:/wsn/wsn_eclipse/toolchains/arm_none_eabi/4_6_1/bin/../lib/gcc/arm-none-eabi/4.6.1/thumb2\libgcc.a(_arm_fixsfsi.o)
                                                  obj/hal.o
__aeabi_fadd                                      c:/wsn/wsn_eclipse/toolchains/arm_none_eabi/4_6_1/bin/../lib/gcc/arm-none-eabi/4.6.1/thumb2\libgcc.a(_arm_addsubsf3.o)
__aeabi_fdiv                                      c:/wsn/wsn_eclipse/toolchains/arm_none_eabi/4_6_1/bin/../lib/gcc/arm-none-eabi/4.6.1/thumb2\libgcc.a(_arm_muldivsf3.o)
__aeabi_fmul                                      c:/wsn/wsn_eclipse/toolchains/arm_none_eabi/4_6_1/bin/../lib/gcc/arm-none-eabi/4.6.1/thumb2\libgcc.a(_arm_muldivsf3.o)
                                                  obj/hal.o
__aeabi_frsub                                     c:/wsn/wsn_eclipse/toolchains/arm_none_eabi/4_6_1/bin/../lib/gcc/arm-none-eabi/4.6.1/thumb2\libgcc.a(_arm_addsubsf3.o)
__aeabi_fsub                                      c:/wsn/wsn_eclipse/toolchains/arm_none_eabi/4_6_1/bin/../lib/gcc/arm-none-eabi/4.6.1/thumb2\libgcc.a(_arm_addsubsf3.o)
                                                  obj/hal.o
__aeabi_i2f                                       c:/wsn/wsn_eclipse/toolchains/arm_none_eabi/4_6_1/bin/../lib/gcc/arm-none-eabi/4.6.1/thumb2\libgcc.a(_arm_addsubsf3.o)
                                                  obj/hal.o
__aeabi_l2f                                       c:/wsn/wsn_eclipse/toolchains/arm_none_eabi/4_6_1/bin/../lib/gcc/arm-none-eabi/4.6.1/thumb2\libgcc.a(_arm_addsubsf3.o)
__aeabi_ui2f                                      c:/wsn/wsn_eclipse/toolchains/arm_none_eabi/4_6_1/bin/../lib/gcc/arm-none-eabi/4.6.1/thumb2\libgcc.a(_arm_addsubsf3.o)
__aeabi_ul2f                                      c:/wsn/wsn_eclipse/toolchains/arm_none_eabi/4_6_1/bin/../lib/gcc/arm-none-eabi/4.6.1/thumb2\libgcc.a(_arm_addsubsf3.o)
__divsf3                                          c:/wsn/wsn_eclipse/toolchains/arm_none_eabi/4_6_1/bin/../lib/gcc/arm-none-eabi/4.6.1/thumb2\libgcc.a(_arm_muldivsf3.o)
__fixsfsi                                         c:/wsn/wsn_eclipse/toolchains/arm_none_eabi/4_6_1/bin/../lib/gcc/arm-none-eabi/4.6.1/thumb2\libgcc.a(_arm_fixsfsi.o)
__floatdisf                                       c:/wsn/wsn_eclipse/toolchains/arm_none_eabi/4_6_1/bin/../lib/gcc/arm-none-eabi/4.6.1/thumb2\libgcc.a(_arm_addsubsf3.o)
__floatsisf                                       c:/wsn/wsn_eclipse/toolchains/arm_none_eabi/4_6_1/bin/../lib/gcc/arm-none-eabi/4.6.1/thumb2\libgcc.a(_arm_addsubsf3.o)
__floatundisf                                     c:/wsn/wsn_eclipse/toolchains/arm_none_eabi/4_6_1/bin/../lib/gcc/arm-none-eabi/4.6.1/thumb2\libgcc.a(_arm_addsubsf3.o)
__floatunsisf                                     c:/wsn/wsn_eclipse/toolchains/arm_none_eabi/4_6_1/bin/../lib/gcc/arm-none-eabi/4.6.1/thumb2\libgcc.a(_arm_addsubsf3.o)
__mulsf3                                          c:/wsn/wsn_eclipse/toolchains/arm_none_eabi/4_6_1/bin/../lib/gcc/arm-none-eabi/4.6.1/thumb2\libgcc.a(_arm_muldivsf3.o)
__subsf3                                          c:/wsn/wsn_eclipse/toolchains/arm_none_eabi/4_6_1/bin/../lib/gcc/arm-none-eabi/4.6.1/thumb2\libgcc.a(_arm_addsubsf3.o)
_ebss                                             obj/startup.o
_edata                                            obj/startup.o
_sbss                                             obj/startup.o
_sdata                                            obj/startup.o
_sidata                                           obj/startup.o
binary_sem                                        obj/main.o
cc_sam3s                                          obj/hal_port.o
cc_sam3s_desc                                     obj/hal_port.o
counting_sem                                      obj/main.o
io_usart1                                         obj/hal_port.o
                                                  obj/main.o
io_usart1_poll                                    obj/hal_port.o
main                                              obj/main.o
                                                  obj/startup.o
memcpy                                            c:/wsn/wsn_eclipse/toolchains/arm_none_eabi/4_6_1/bin/../lib/gcc/arm-none-eabi/4.6.1/../../../../arm-none-eabi/lib/thumb2\libc.a(lib_a-memcpy.o)
                                                  obj/queue.o
                                                  obj/hal.o
memset                                            c:/wsn/wsn_eclipse/toolchains/arm_none_eabi/4_6_1/bin/../lib/gcc/arm-none-eabi/4.6.1/../../../../arm-none-eabi/lib/thumb2\libc.a(lib_a-memset.o)
                                                  obj/tasks.o
                                                  obj/hal.o
mutex                                             obj/main.o
pvPortMalloc                                      obj/hal_port_os.o
                                                  obj/tasks.o
                                                  obj/queue.o
                                                  obj/croutine.o
pxCurrentCoRoutine                                obj/croutine.o
pxCurrentTCB                                      obj/tasks.o
                                                  obj/port.o
pxPortInitialiseStack                             obj/port.o
                                                  obj/tasks.o
strlen                                            c:/wsn/wsn_eclipse/toolchains/arm_none_eabi/4_6_1/bin/../lib/gcc/arm-none-eabi/4.6.1/../../../../arm-none-eabi/lib/thumb2\libc.a(lib_a-strlen.o)
                                                  obj/hal.o
strncpy                                           c:/wsn/wsn_eclipse/toolchains/arm_none_eabi/4_6_1/bin/../lib/gcc/arm-none-eabi/4.6.1/../../../../arm-none-eabi/lib/thumb2\libc.a(lib_a-strncpy.o)
                                                  obj/tasks.o
ulKernelPriority                                  obj/port.o
ulPortSetInterruptMask                            obj/port.o
                                                  obj/tasks.o
                                                  obj/queue.o
                                                  obj/croutine.o
uxListRemove                                      obj/list.o
                                                  obj/tasks.o
                                                  obj/croutine.o
uxQueueMessagesWaiting                            obj/queue.o
uxQueueMessagesWaitingFromISR                     obj/queue.o
uxTaskGetNumberOfTasks                            obj/tasks.o
vCoRoutineAddToDelayedList                        obj/croutine.o
vCoRoutineSchedule                                obj/croutine.o
vListInitialise                                   obj/list.o
                                                  obj/tasks.o
                                                  obj/queue.o
                                                  obj/croutine.o
vListInitialiseItem                               obj/list.o
                                                  obj/tasks.o
                                                  obj/croutine.o
vListInsert                                       obj/list.o
                                                  obj/tasks.o
                                                  obj/croutine.o
vListInsertEnd                                    obj/list.o
                                                  obj/tasks.o
                                                  obj/croutine.o
vPortClearInterruptMask                           obj/port.o
                                                  obj/tasks.o
                                                  obj/queue.o
                                                  obj/croutine.o
vPortEndScheduler                                 obj/port.o
                                                  obj/tasks.o
vPortEnterCritical                                obj/port.o
                                                  obj/tasks.o
                                                  obj/queue.o
vPortExitCritical                                 obj/port.o
                                                  obj/tasks.o
                                                  obj/queue.o
vPortFree                                         obj/hal_port_os.o
                                                  obj/tasks.o
                                                  obj/queue.o
vPortSetupTimerInterrupt                          obj/port.o
vPortYieldFromISR                                 obj/port.o
                                                  obj/tasks.o
                                                  obj/queue.o
                                                  obj/main.o
vQueueDelete                                      obj/queue.o
vTaskDelay                                        obj/tasks.o
                                                  obj/main.o
vTaskDelayUntil                                   obj/tasks.o
                                                  obj/hal_port_os.o
vTaskEndScheduler                                 obj/tasks.o
                                                  obj/main.o
vTaskIncrementTick                                obj/tasks.o
                                                  obj/port.o
vTaskMissedYield                                  obj/tasks.o
                                                  obj/queue.o
vTaskPlaceOnEventList                             obj/tasks.o
                                                  obj/queue.o
vTaskPriorityDisinherit                           obj/tasks.o
                                                  obj/queue.o
vTaskPriorityInherit                              obj/tasks.o
                                                  obj/queue.o
vTaskResume                                       obj/tasks.o
vTaskSetTimeOutState                              obj/tasks.o
                                                  obj/queue.o
vTaskStartScheduler                               obj/tasks.o
                                                  obj/main.o
vTaskSuspend                                      obj/tasks.o
vTaskSuspendAll                                   obj/tasks.o
                                                  obj/queue.o
vTaskSwitchContext                                obj/tasks.o
                                                  obj/port.o
xCoRoutineCreate                                  obj/croutine.o
xCoRoutineRemoveFromEventList                     obj/croutine.o
xPortStartScheduler                               obj/port.o
                                                  obj/tasks.o
xQueueCreateCountingSemaphore                     obj/queue.o
                                                  obj/main.o
xQueueCreateMutex                                 obj/queue.o
                                                  obj/main.o
xQueueGenericCreate                               obj/queue.o
                                                  obj/main.o
xQueueGenericReceive                              obj/queue.o
                                                  obj/main.o
xQueueGenericReset                                obj/queue.o
xQueueGenericSend                                 obj/queue.o
                                                  obj/main.o
xQueueGenericSendFromISR                          obj/queue.o
xQueueIsQueueEmptyFromISR                         obj/queue.o
xQueueIsQueueFullFromISR                          obj/queue.o
xQueueReceiveFromISR                              obj/queue.o
xTaskCheckForTimeOut                              obj/tasks.o
                                                  obj/queue.o
xTaskGenericCreate                                obj/tasks.o
                                                  obj/hal_port_os.o
xTaskGetCurrentTaskHandle                         obj/tasks.o
                                                  obj/queue.o
xTaskGetTickCount                                 obj/tasks.o
                                                  obj/croutine.o
                                                  obj/hal_port_os.o
xTaskGetTickCountFromISR                          obj/tasks.o
xTaskIsTaskSuspended                              obj/tasks.o
xTaskRemoveFromEventList                          obj/tasks.o
                                                  obj/queue.o
xTaskResumeAll                                    obj/tasks.o
                                                  obj/queue.o
